---
http_interactions:
- request:
    method: post
    uri: https://accounts.google.com/o/oauth2/token
    body:
      encoding: US-ASCII
      string: client_id=<YT_TEST_CLIENT_ID>&client_secret=<YT_TEST_CLIENT_SECRET>&refresh_token=<YT_TEST_REFRESH_TOKEN>&grant_type=refresh_token
    headers:
      Accept-Encoding:
      - gzip;q=1.0,deflate;q=0.6,identity;q=0.3
      Accept:
      - "*/*"
      User-Agent:
      - Ruby
      - Yt::Request (gzip)
      Content-Type:
      - application/x-www-form-urlencoded
  response:
    status:
      code: 200
      message: OK
    headers:
      Content-Type:
      - application/json; charset=utf-8
      Vary:
      - Origin
      - Referer
      - X-Origin
      Date:
      - Thu, 06 Feb 2020 07:13:56 GMT
      Server:
      - ESF
      Cache-Control:
      - private
      X-Xss-Protection:
      - '0'
      X-Frame-Options:
      - SAMEORIGIN
      X-Content-Type-Options:
      - nosniff
      Alt-Svc:
      - quic=":443"; ma=2592000; v="46,43",h3-Q050=":443"; ma=2592000,h3-Q049=":443";
        ma=2592000,h3-Q048=":443"; ma=2592000,h3-Q046=":443"; ma=2592000,h3-Q043=":443";
        ma=2592000
      Transfer-Encoding:
      - chunked
    body:
      encoding: UTF-8
      string: |-
        {
          "access_token": "<YT_TEST_ACCESS_TOKEN>",
          "expires_in": 3599,
          "scope": "https://www.googleapis.com/auth/yt-analytics.readonly https://www.googleapis.com/auth/youtubepartner https://www.googleapis.com/auth/yt-analytics-monetary.readonly https://www.googleapis.com/auth/userinfo.email openid",
          "token_type": "Bearer",
          "id_token": "<YT_TEST_ID_TOKEN>"
        }
    http_version: null
  recorded_at: Thu, 06 Feb 2020 07:13:56 GMT
- request:
    method: get
    uri: https://www.googleapis.com/youtube/v3/videos/getRating?id=9bZkp7q19f0
    body:
      encoding: US-ASCII
      string: ''
    headers:
      Content-Length:
      - '0'
      User-Agent:
      - Yt::Request (gzip)
      Authorization:
      - "<YT_AUTH_HEADER>"
  response:
    status:
      code: 200
      message: OK
    headers:
      Expires:
      - Thu, 06 Feb 2020 07:13:56 GMT
      Date:
      - Thu, 06 Feb 2020 07:13:56 GMT
      Cache-Control:
      - private, max-age=0, must-revalidate, no-transform
      Etag:
      - '"Fznwjl6JEQdo1MGvHOGaz_YanRU/N9yVPvs_cF1TcwKc6amCEAMF_gQ"'
      Vary:
      - Origin
      - X-Origin
      Content-Type:
      - application/json; charset=UTF-8
      X-Content-Type-Options:
      - nosniff
      X-Frame-Options:
      - SAMEORIGIN
      X-Xss-Protection:
      - 1; mode=block
      Content-Length:
      - '191'
      Server:
      - GSE
      Alt-Svc:
      - quic=":443"; ma=2592000; v="46,43",h3-Q050=":443"; ma=2592000,h3-Q049=":443";
        ma=2592000,h3-Q048=":443"; ma=2592000,h3-Q046=":443"; ma=2592000,h3-Q043=":443";
        ma=2592000
    body:
      encoding: UTF-8
      string: |
        {
         "kind": "youtube#videoGetRatingResponse",
         "etag": "\"Fznwjl6JEQdo1MGvHOGaz_YanRU/N9yVPvs_cF1TcwKc6amCEAMF_gQ\"",
         "items": [
          {
           "videoId": "9bZkp7q19f0",
           "rating": "none"
          }
         ]
        }
    http_version: null
  recorded_at: Thu, 06 Feb 2020 07:13:56 GMT
- request:
    method: post
    uri: https://www.googleapis.com/youtube/v3/videos/rate?id=9bZkp7q19f0&rating=none
    body:
      encoding: UTF-8
      string: ''
    headers:
      Content-Length:
      - '0'
      User-Agent:
      - Yt::Request (gzip)
      Authorization:
      - "<YT_AUTH_HEADER>"
  response:
    status:
      code: 204
      message: No Content
    headers:
      Cache-Control:
      - no-cache, no-store, max-age=0, must-revalidate
      Pragma:
      - no-cache
      Expires:
      - Mon, 01 Jan 1990 00:00:00 GMT
      Date:
      - Thu, 06 Feb 2020 07:13:56 GMT
      Etag:
      - '"Fznwjl6JEQdo1MGvHOGaz_YanRU/CataIi45CPlm8VOHHIt2M8vnqmo"'
      Vary:
      - Origin
      - X-Origin
      Server:
      - GSE
      Alt-Svc:
      - quic=":443"; ma=2592000; v="46,43",h3-Q050=":443"; ma=2592000,h3-Q049=":443";
        ma=2592000,h3-Q048=":443"; ma=2592000,h3-Q046=":443"; ma=2592000,h3-Q043=":443";
        ma=2592000
    body:
      encoding: UTF-8
      string: ''
    http_version: null
  recorded_at: Thu, 06 Feb 2020 07:13:56 GMT
- request:
    method: post
    uri: https://www.googleapis.com/youtube/v3/videos/rate?id=9bZkp7q19f0&rating=like
    body:
      encoding: UTF-8
      string: ''
    headers:
      Content-Length:
      - '0'
      User-Agent:
      - Yt::Request (gzip)
      Authorization:
      - "<YT_AUTH_HEADER>"
  response:
    status:
      code: 204
      message: No Content
    headers:
      Cache-Control:
      - no-cache, no-store, max-age=0, must-revalidate
      Pragma:
      - no-cache
      Expires:
      - Mon, 01 Jan 1990 00:00:00 GMT
      Date:
      - Thu, 06 Feb 2020 07:13:56 GMT
      Etag:
      - '"Fznwjl6JEQdo1MGvHOGaz_YanRU/CataIi45CPlm8VOHHIt2M8vnqmo"'
      Vary:
      - Origin
      - X-Origin
      Server:
      - GSE
      Alt-Svc:
      - quic=":443"; ma=2592000; v="46,43",h3-Q050=":443"; ma=2592000,h3-Q049=":443";
        ma=2592000,h3-Q048=":443"; ma=2592000,h3-Q046=":443"; ma=2592000,h3-Q043=":443";
        ma=2592000
    body:
      encoding: UTF-8
      string: ''
    http_version: null
  recorded_at: Thu, 06 Feb 2020 07:13:56 GMT
recorded_with: VCR 5.1.0
